Locnam

21
#####################################################################################
###############################.........#############################################
##########.############################.#############################################
######...#...#############.........###...############################################
##.............######.......................#########################################
##..............####..................................###############################
##..........#...#...#...............................#################################
#...........#..##......................................##############################
##..........#..##................................################..........##########
............#..##........................################....................########
#...........#..##...###......................##########.........#...........#########
##..........#..##...####.....................##########....########.......###########
##.###......#.......#########.............#############..############################
##..###.....#...#...###############...........................#######################
#...##..........#...##################...................############################
#....###........##..##################....###########################################
#....#####.....#....##################....########################....###############
################.....#################.................................##############
#################....#############################################....###############
###################.#################################################################
#####################################################################################

1
9 0